exports[`Tree check check update when Tree trigger componentWillReceiveProps 1`] = `
<ul
  class="rc-tree"
  role="tree"
  unselectable="on">
  <li
    class="rc-tree-treenode-switcher-close rc-tree-treenode-checkbox-checked"
    role="treeitem">
    <span
      class="rc-tree-switcher rc-tree-switcher-noop">
      
    </span>
    <span
      class="rc-tree-checkbox rc-tree-checkbox-checked">
      
    </span>
    <span
      class="rc-tree-node-content-wrapper rc-tree-node-content-wrapper-normal"
      title="parent 1">
      <span
        class="rc-tree-iconEle rc-tree-icon__docu">
        
      </span>
      <span
        class="rc-tree-title">
        parent 1
      </span>
    </span>
  </li>
</ul>
`;

exports[`Tree renders correctly 1`] = `
<ul
  class="rc-tree forTest rc-tree-show-line"
  role="tree"
  tabindex="0"
  unselectable="on">
  <li
    class="spe rc-tree-treenode-switcher-open"
    role="treeitem">
    <span
      class="rc-tree-switcher rc-tree-switcher_open">
      
    </span>
    <span
      class="rc-tree-checkbox">
      
    </span>
    <span
      class="rc-tree-node-content-wrapper rc-tree-node-content-wrapper-open"
      title="parent 1">
      <span
        class="rc-tree-iconEle rc-tree-icon__open">
        
      </span>
      <span
        class="rc-tree-title">
        parent 1
      </span>
    </span>
    <ul
      class="rc-tree-child-tree rc-tree-child-tree-open"
      data-expanded="true"
      role="group">
      <li
        class="rc-tree-treenode-disabled rc-tree-treenode-switcher-open"
        role="treeitem">
        <span
          class="rc-tree-switcher rc-tree-switcher_open">
          
        </span>
        <span
          class="rc-tree-checkbox rc-tree-checkbox-disabled">
          
        </span>
        <span
          class="rc-tree-node-content-wrapper rc-tree-node-content-wrapper-open"
          title="leaf 1">
          <span
            class="rc-tree-iconEle rc-tree-icon__open">
            
          </span>
          <span
            class="rc-tree-title">
            leaf 1
          </span>
        </span>
        <ul
          class="rc-tree-child-tree rc-tree-child-tree-open"
          data-expanded="true"
          role="group">
          <li
            class="rc-tree-treenode-switcher-open"
            role="treeitem">
            <span
              class="rc-tree-switcher rc-tree-switcher-noop">
              
            </span>
            <span
              class="rc-tree-checkbox">
              
            </span>
            <span
              class="rc-tree-node-content-wrapper rc-tree-node-content-wrapper-normal"
              title="leaf">
              <span
                class="rc-tree-iconEle rc-tree-icon__docu">
                
              </span>
              <span
                class="rc-tree-title">
                leaf
              </span>
            </span>
          </li>
          <li
            class="rc-tree-treenode-switcher-open"
            role="treeitem">
            <span
              class="rc-tree-switcher rc-tree-switcher-noop">
              
            </span>
            <span
              class="rc-tree-checkbox">
              
            </span>
            <span
              class="rc-tree-node-content-wrapper rc-tree-node-content-wrapper-normal"
              title="leaf">
              <span
                class="rc-tree-iconEle rc-tree-icon__docu">
                
              </span>
              <span
                class="rc-tree-title">
                leaf
              </span>
            </span>
          </li>
        </ul>
      </li>
      <li
        class="rc-tree-treenode-switcher-open"
        role="treeitem">
        <span
          class="rc-tree-switcher rc-tree-switcher-noop">
          
        </span>
        <span
          class="rc-tree-checkbox rc-tree-checkbox-disabled">
          
        </span>
        <span
          class="rc-tree-node-content-wrapper rc-tree-node-content-wrapper-normal"
          title="leaf 2">
          <span
            class="rc-tree-iconEle rc-tree-icon__docu">
            
          </span>
          <span
            class="rc-tree-title">
            leaf 2
          </span>
        </span>
      </li>
    </ul>
  </li>
</ul>
`;

exports[`Tree renders opaque children correctly 1`] = `
<ul
  class="rc-tree"
  role="tree"
  unselectable="on">
  <li
    class="rc-tree-treenode-switcher-close"
    role="treeitem">
    <span
      class="rc-tree-switcher rc-tree-switcher_close">
      
    </span>
    <span
      class="rc-tree-node-content-wrapper rc-tree-node-content-wrapper-close"
      title="0">
      <span
        class="rc-tree-iconEle rc-tree-icon__close">
        
      </span>
      <span
        class="rc-tree-title">
        0
      </span>
    </span>
  </li>
</ul>
`;
